2024-02-25 20:28:06,281:INFO:input_grammar: root   ::= "11111" | "0"s
s      ::= "0" | "1" | "0"s | "1"s
2024-02-26 00:48:17,716:INFO:input_grammar: root   ::= "11111" | "0"s
s      ::= "0" | "1" | "0"s | "1"s
2024-02-28 00:26:41,533:INFO:input_grammar: root   ::= "11111" | "0"s
s      ::= "0" | "1" | "0"s | "1"s
